Flow report for tPad_Starter
Wed Jan 07 20:18:56 2015
Quartus II 64-Bit Version 10.1 Build 197 01/19/2011 Service Pack 1 SJ Web Edition


---------------------
; Table of Contents ;
---------------------
  1. Legal Notice
  2. Flow Summary
  3. Flow Settings
  4. Flow Non-Default Global Settings
  5. Flow Elapsed Time
  6. Flow OS Summary
  7. Flow Log



----------------
; Legal Notice ;
----------------
Copyright (C) 1991-2011 Altera Corporation
Your use of Altera Corporation's design tools, logic functions 
and other software and tools, and its AMPP partner logic 
functions, and any output files from any of the foregoing 
(including device programming or simulation files), and any 
associated documentation or information are expressly subject 
to the terms and conditions of the Altera Program License 
Subscription Agreement, Altera MegaCore Function License 
Agreement, or other applicable license agreement, including, 
without limitation, that your use is for the sole purpose of 
programming logic devices manufactured by Altera and sold by 
Altera or its authorized distributors.  Please refer to the 
applicable agreement for further details.



+------------------------------------------------------------------------------------+
; Flow Summary                                                                       ;
+------------------------------------+-----------------------------------------------+
; Flow Status                        ; Successful - Wed Jan 07 20:18:43 2015         ;
; Quartus II 64-Bit Version          ; 10.1 Build 197 01/19/2011 SP 1 SJ Web Edition ;
; Revision Name                      ; tPad_Starter                                  ;
; Top-level Entity Name              ; tPad_Starter                                  ;
; Family                             ; Cyclone IV E                                  ;
; Device                             ; EP4CE115F29C7                                 ;
; Timing Models                      ; Final                                         ;
; Total logic elements               ; 8,047 / 114,480 ( 7 % )                       ;
;     Total combinational functions  ; 6,550 / 114,480 ( 6 % )                       ;
;     Dedicated logic registers      ; 5,014 / 114,480 ( 4 % )                       ;
; Total registers                    ; 5183                                          ;
; Total pins                         ; 491 / 529 ( 93 % )                            ;
; Total virtual pins                 ; 0                                             ;
; Total memory bits                  ; 2,194,866 / 3,981,312 ( 55 % )                ;
; Embedded Multiplier 9-bit elements ; 4 / 532 ( < 1 % )                             ;
; Total PLLs                         ; 1 / 4 ( 25 % )                                ;
+------------------------------------+-----------------------------------------------+


+-----------------------------------------+
; Flow Settings                           ;
+-------------------+---------------------+
; Option            ; Setting             ;
+-------------------+---------------------+
; Start date & time ; 01/07/2015 20:16:05 ;
; Main task         ; Compilation         ;
; Revision Name     ; tPad_Starter        ;
+-------------------+---------------------+


+------------------------------------------------------------------------------------------------------------------+
; Flow Non-Default Global Settings                                                                                 ;
+-------------------------------------+---------------------------------+---------------+-------------+------------+
; Assignment Name                     ; Value                           ; Default Value ; Entity Name ; Section Id ;
+-------------------------------------+---------------------------------+---------------+-------------+------------+
; COMPILER_SIGNATURE_ID               ; 128454787375984.142063296508052 ; --            ; --          ; --         ;
; PARTITION_COLOR                     ; 16764057                        ; --            ; --          ; Top        ;
; PARTITION_FITTER_PRESERVATION_LEVEL ; PLACEMENT_AND_ROUTING           ; --            ; --          ; Top        ;
; PARTITION_NETLIST_TYPE              ; SOURCE                          ; --            ; --          ; Top        ;
; SOPC_BUILDER_SIGNATURE_ID           ; E0cb4ec816750000012af12cc966    ; --            ; --          ; --         ;
+-------------------------------------+---------------------------------+---------------+-------------+------------+


+-------------------------------------------------------------------------------------------------------------------------------+
; Flow Elapsed Time                                                                                                             ;
+---------------------------+--------------+-------------------------+---------------------+------------------------------------+
; Module Name               ; Elapsed Time ; Average Processors Used ; Peak Virtual Memory ; Total CPU Time (on all processors) ;
+---------------------------+--------------+-------------------------+---------------------+------------------------------------+
; Analysis & Synthesis      ; 00:00:44     ; 1.0                     ; 577 MB              ; 00:00:43                           ;
; Fitter                    ; 00:01:39     ; 1.0                     ; 747 MB              ; 00:01:39                           ;
; Assembler                 ; 00:00:05     ; 1.0                     ; 617 MB              ; 00:00:05                           ;
; TimeQuest Timing Analyzer ; 00:00:17     ; 1.0                     ; 562 MB              ; 00:00:17                           ;
; Total                     ; 00:02:45     ; --                      ; --                  ; 00:02:44                           ;
+---------------------------+--------------+-------------------------+---------------------+------------------------------------+


+----------------------------------------------------------------------------------------+
; Flow OS Summary                                                                        ;
+---------------------------+------------------+-----------+------------+----------------+
; Module Name               ; Machine Hostname ; OS Name   ; OS Version ; Processor type ;
+---------------------------+------------------+-----------+------------+----------------+
; Analysis & Synthesis      ; MIKA-PC          ; Windows 7 ; 6.1        ; x86_64         ;
; Fitter                    ; MIKA-PC          ; Windows 7 ; 6.1        ; x86_64         ;
; Assembler                 ; MIKA-PC          ; Windows 7 ; 6.1        ; x86_64         ;
; TimeQuest Timing Analyzer ; MIKA-PC          ; Windows 7 ; 6.1        ; x86_64         ;
+---------------------------+------------------+-----------+------------+----------------+


------------
; Flow Log ;
------------
quartus_map --read_settings_files=on --write_settings_files=off tPad_Starter -c tPad_Starter
quartus_fit --read_settings_files=off --write_settings_files=off tPad_Starter -c tPad_Starter
quartus_asm --read_settings_files=off --write_settings_files=off tPad_Starter -c tPad_Starter
quartus_sta tPad_Starter -c tPad_Starter



